XML Gerado com Sucesso. Enviando...
<?xml version="1.0" encoding="UTF-8"?><NFCom xmlns="http://www.portalfiscal.inf.br/nfcom"><infNFCom versao="1.00" Id="NFCom3525110000000000000062001000000001109999999"><ide><cUF>35</cUF><tpAmb>2</tpAmb><mod>62</mod><serie>1</serie><nNF>1</nNF><cNF>9999999</cNF><cDV>9</cDV><dhEmi>2025-11-22T09:00:00-03:00</dhEmi><tpEmis>1</tpEmis><nSiteAutoriz>0</nSiteAutoriz><cMunFG>3550308</cMunFG><finNFCom>0</finNFCom><tpFat>0</tpFat><verProc>1.00</verProc></ide><emit><CNPJ>00000000000000</CNPJ><IE>111111111111</IE><CRT>3</CRT><xNome>EMPRESA DE COMUNICA├ç├âO S.A.</xNome><xFant>NETCOM</xFant><enderEmit><xLgr>AV. DAS EMPRESAS</xLgr><nro>1000</nro><xBairro>CENTRO</xBairro><cMun>3550308</cMun><xMun>SAO PAULO</xMun><CEP>01000000</CEP><UF>SP</UF></enderEmit></emit><dest><xNome>CLIENTE PESSOA FISICA</xNome><CPF>11111111111</CPF><indIEDest>9</indIEDest><enderDest><xLgr>RUA DA CASA</xLgr><nro>100</nro><xBairro>JARDIM</xBairro><cMun>3550308</cMun><xMun>SAO PAULO</xMun><CEP>01000001</CEP><UF>SP</UF></enderDest></dest><assinante><iCodAssinante>123456789</iCodAssinante><tpAssinante>3</tpAssinante><tpServUtil>4</tpServUtil><NroTermPrinc>11999998888</NroTermPrinc><cUFPrinc>35</cUFPrinc></assinante><det nItem="1"><prod><cProd>SERVICO001</cProd><xProd>Servi├ºo de Acesso ├á Internet - Plano B├ísico</xProd><cClass>0000001</cClass><CFOP>5301</CFOP><uMed>4</uMed><qFaturada>1.0000</qFaturada><vItem>80.00</vItem><vProd>80.00</vProd></prod><imposto><ICMS00><CST>00</CST><vBC>80.00</vBC><pICMS>18.00</pICMS><vICMS>14.40</vICMS></ICMS00><PIS><CST>01</CST><vBC>80.00</vBC><pPIS>0.65</pPIS><vPIS>0.52</vPIS></PIS><COFINS><CST>01</CST><vBC>80.00</vBC><pCOFINS>3.00</pCOFINS><vCOFINS>2.40</vCOFINS></COFINS></imposto></det><total><vProd>80.00</vProd><ICMSTot><vBC>80.00</vBC><vICMS>14.40</vICMS><vICMSDeson>0.00</vICMSDeson><vFCP>0.00</vFCP></ICMSTot><vCOFINS>2.40</vCOFINS><vPIS>0.52</vPIS><vFUNTTEL>0.00</vFUNTTEL><vFUST>0.00</vFUST><vRetTribTot><vRetPIS>0.00</vRetPIS><vRetCofins>0.00</vRetCofins><vRetCSLL>0.00</vRetCSLL><vIRRF>0.00</vIRRF></vRetTribTot><vDesc>0.00</vDesc><vOutro>0.00</vOutro><vNF>80.00</vNF></total><gFat><CompetFat>202511</CompetFat><dVencFat>2025-12-05</dVencFat><codBarras>999999999999999999999999999999999999999999999999</codBarras></gFat></infNFCom><infNFComSupl><qrCodNFCom>https://dfe-portal.svrs.rs.gov.br/NFCom/Consulta?chNFCom=35251100000000000000620010000000019999999999&amp;tpAmb=2</qrCodNFCom></infNFComSupl><Signature xmlns="http://www.w3.org/2000/09/xmldsig#"><SignedInfo><CanonicalizationMethod Algorithm="http://www.w3.org/TR/2001/REC-xml-c14n-20010315"/><SignatureMethod Algorithm="http://www.w3.org/2000/09/xmldsig#rsa-sha1"/><Reference URI="#NFCom3525110000000000000062001000000001109999999"><Transforms><Transform Algorithm="http://www.w3.org/2000/09/xmldsig#enveloped-signature"/><Transform Algorithm="http://www.w3.org/TR/2001/REC-xml-c14n-20010315"/></Transforms><DigestMethod Algorithm="http://www.w3.org/2000/09/xmldsig#sha1"/><DigestValue>znUc6qnmTD3GRZO0/khtNbRpseQ=</DigestValue></Reference></SignedInfo><SignatureValue>zQ8zbo9+MBBnZLsJlH2gGw0C8XSOzYQOF/djILoivuPogVYYUMWNdffQA5ml2HTpUiofj0HYs0LS7/KS4ReB5MGXbBwZFgzNOpvizFxS6nTzcCQagPUYMBcMmS2AyH+DfZqTe2NzquvJXBfiSc7/B52LBGIv89OwaqvCC6BJdjy4dxLPYRlbmALItUOOdi8XcKcgMs6uAQ1ajxP2BRCzfXK31KSD560Y6yz5I0qhfj/8DdBBnY4biuBBvN/IiVHYLEdw1kLYVDLIclWHFXNDHjqkViK8S5HEs8apUjtaRgaiC/LmDd8ZCxbpfi1a91OeyHpAL59kjcEpYIGD8H978A==</SignatureValue><KeyInfo><X509Data><X509Certificate>MIIH7zCCBdegAwIBAgIIKA72Y1cBcukwDQYJKoZIhvcNAQELBQAwdDELMAkGA1UEBhMCQlIxEzARBgNVBAoTCklDUC1CcmFzaWwxNjA0BgNVBAsTLVNlY3JldGFyaWEgZGEgUmVjZWl0YSBGZWRlcmFsIGRvIEJyYXNpbCAtIFJGQjEYMBYGA1UEAxMPQUMgVkFMSUQgUkZCIHY1MB4XDTI1MDYyNzExNTczMFoXDTI2MDYyNzExNTczMFowggENMQswCQYDVQQGEwJCUjELMAkGA1UECBMCU1AxEDAOBgNVBAcTB0FSRUFMVkExEzARBgNVBAoTCklDUC1CcmFzaWwxNjA0BgNVBAsTLVNlY3JldGFyaWEgZGEgUmVjZWl0YSBGZWRlcmFsIGRvIEJyYXNpbCAtIFJGQjEWMBQGA1UECxMNUkZCIGUtQ05QSiBBMTERMA8GA1UECxMIQVIgQ0lFU1AxGTAXBgNVBAsTEFZpZGVvY29uZmVyZW5jaWExFzAVBgNVBAsTDjYyMjI2MTcwMDAwMTQ2MTMwMQYDVQQDEypXSVAgVEVMRUNPTSBNVUxUSU1JRElBIExUREE6MjA4NDMyOTAwMDAxNDIwggEiMA0GCSqGSIb3DQEBAQUAA4IBDwAwggEKAoIBAQDfVS43wEtXVBtTerDQrbbTGaZ5S4gs1W6zfcAES39bXCrQuhkzz8WOQnrYcHN5g1Mp/msqqHyxf1IC6Ol+PsdpXTUy9polX+RRV0Cn9HqUpi8sdZcJMCF6+bCtRnFSHB3BR17dIUCe2YeaSsCTO/bSh8Y9mAOfKCsNRFfHoYhiI+rDNP+EZm05LjMnbJ1Kts5Q7Nr8E+9lsUPjmxMuQaUoG9phQt15GT77SLeXkLgc0iHSB6OyIfyNP0AQh0e13HcEsGrwSlyuX58yZkyHvgyViqQ+FJjz4qfi5mOlN8IImLTVEnR9AoGJVgek1I7wwjSh1+BFK3EqVmFXCS3/sOsHAgMBAAGjggLoMIIC5DCBnAYIKwYBBQUHAQEEgY8wgYwwVQYIKwYBBQUHMAKGSWh0dHA6Ly9pY3AtYnJhc2lsLnZhbGlkY2VydGlmaWNhZG9yYS5jb20uYnIvYWMtdmFsaWRyZmIvYWMtdmFsaWRyZmJ2NS5wN2IwMwYIKwYBBQUHMAGGJ2h0dHA6Ly9vY3NwdjUudmFsaWRjZXJ0aWZpY2Fkb3JhLmNvbS5icjAJBgNVHRMEAjAAMB8GA1UdIwQYMBaAFFPLpeR1UJlALL5bFUXJvsswqonFMHAGA1UdIARpMGcwZQYGYEwBAgElMFswWQYIKwYBBQUHAgEWTWh0dHA6Ly9pY3AtYnJhc2lsLnZhbGlkY2VydGlmaWNhZG9yYS5jb20uYnIvYWMtdmFsaWRyZmIvZHBjLWFjLXZhbGlkcmZidjUucGRmMIG2BgNVHR8Ega4wgaswU6BRoE+GTWh0dHA6Ly9pY3AtYnJhc2lsLnZhbGlkY2VydGlmaWNhZG9yYS5jb20uYnIvYWMtdmFsaWRyZmIvbGNyLWFjLXZhbGlkcmZidjUuY3JsMFSgUqBQhk5odHRwOi8vaWNwLWJyYXNpbDIudmFsaWRjZXJ0aWZpY2Fkb3JhLmNvbS5ici9hYy12YWxpZHJmYi9sY3ItYWMtdmFsaWRyZmJ2NS5jcmwwDgYDVR0PAQH/BAQDAgXgMB0GA1UdJQQWMBQGCCsGAQUFBwMCBggrBgEFBQcDBDCBvAYDVR0RBIG0MIGxgRx3aXB0ZWxlY29tQHdpcHRlbGVjb20ubmV0LmJyoDgGBWBMAQMEoC8ELTE0MTIxOTc3Mjc2NDQzMjU4NTkxMTQ1NzI1MDYwMjAwMDAwMDAwMDAwMDAwMKAjBgVgTAEDAqAaBBhJWkFCRUwgQ1JJU1RJTkEgUEVOVEVBRE+gGQYFYEwBAwOgEAQOMjA4NDMyOTAwMDAxNDKgFwYFYEwBAwegDgQMMDAwMDAwMDAwMDAwMA0GCSqGSIb3DQEBCwUAA4ICAQCTkZZbBM6xgX5jeZqH8UXoT2qVEds8I982ehGFA3Jk+UVSQ5IOQCUM3CWGfF5W2hz4VaclJ17iuR84Q1TS0zAs+UzU9DWgfgWWt62pumRTiMVKqaUA5XspIrHV84YhCMiDJltC6yDgmWQYR5xdyLNTaoNaiC+RevmukpYA+NfUkKLvQGgAuIijv6LizAjAJT6CLyVQG2T5PJrjkL9W0h3XOnrz21tdA8iwFI8++Tch+2KGVjAyEkFODO4dixzJmDoHgqCFUrC8n1WySIcrKRo2gOjQvOg64DTMbNe4OTJbr+1U7mAUMbcwQPGTNzjRSZu4A0muhnTwFo5gwMnOpfm+QwiqiPzAfhXQa1nBE7aUDMpyS/BCwJN/tvZHK/cNniBxi5z5KZpiSImjQhDYYvyl/OQ8sWUCHMB/LPG0HR6tUuSREc7FUYsbZQjTjXdYRPKJBZCMD8F3m4iQMkqd2+3rPlghvMk7St/oQHNWJS/KBLqhFK8uyJfz6n6MLmlFHkrjKKktctGjxRsFxHL3NTN5YLZwTKfvTnmmUovcXDv0WQ2GtAamFwhVK07IO20dR0wnwH87viJ2upDKI4G6jlTDMmyOn9470BfMU/tisQnJihB0fd1ep+caUNtVgc1lDnHLuEp4gKeciA2G2jOaEp6yXwtK4SbwUIFuBCvMn4kiJw==</X509Certificate></X509Data></KeyInfo></Signature></NFCom>
node.exe : Erro ao enviar NFCom: AxiosError: Request 
failed with status code 500
No linha:1 caractere:1
+ & "C:\Program Files\nodejs/node.exe" "C:\Program 
Files\nodejs/node_mo ...
+ ~~~~~~~~~~~~~~~~~~~~~~~~~~~~~~~~~~~~~~~~~~~~~~~~~~~
~~~~~~~~~~~~~~~~~~
    + CategoryInfo          : NotSpecified: (Erro ao 
    enviar ...status code 500:String) [], RemoteExc  
  eption
    + FullyQualifiedErrorId : NativeCommandError
 
    at settle (C:\GitHub\Wip_Diversos\backend\node_mo
dules\axios\lib\core\settle.js:19:12)
    at IncomingMessage.handleStreamEnd (C:\GitHub\Wip
_Diversos\backend\node_modules\axios\lib\adapters\htt
p.js:793:11)
    at IncomingMessage.emit (node:events:531:35)
    at IncomingMessage.emit (node:domain:489:12)
    at endReadableNT 
(node:internal/streams/readable:1698:12)
    at processTicksAndRejections 
(node:internal/process/task_queues:90:21)
    at Axios.request (C:\GitHub\Wip_Diversos\backend\
node_modules\axios\lib\core\Axios.js:45:41)
    at processTicksAndRejections 
(node:internal/process/task_queues:105:5) {
  code: 'ERR_BAD_RESPONSE',
  config: {
    transitional: {
      silentJSONParsing: true,
      forcedJSONParsing: true,
      clarifyTimeoutError: false
    },
    adapter: [ 'xhr', 'http', 'fetch' ],
    transformRequest: [ [Function: transformRequest] 
],
    transformResponse: [ [Function: 
transformResponse] ],
    timeout: 0,
    xsrfCookieName: 'XSRF-TOKEN',
    xsrfHeaderName: 'X-XSRF-TOKEN',
    maxContentLength: -1,
    maxBodyLength: -1,
    env: { FormData: [Function], Blob: [class Blob] 
},
    validateStatus: [Function: validateStatus],
    headers: Object [AxiosHeaders] {
      Accept: 'application/json, text/plain, */*',
      'Content-Type': 'application/soap+xml; 
charset=utf-8',
      'User-Agent': 'axios/1.13.2',
      'Content-Length': '6223',
      'Accept-Encoding': 'gzip, compress, deflate, 
br'
    },
    httpsAgent: Agent {
      _events: [Object: null prototype],
      _eventsCount: 2,
      _maxListeners: undefined,
      defaultPort: 443,
      protocol: 'https:',
      options: [Object: null prototype],
      requests: [Object: null prototype] {},
      sockets: [Object: null prototype],
      freeSockets: [Object: null prototype] {},
      keepAliveMsecs: 1000,
      keepAlive: false,
      maxSockets: Infinity,
      maxFreeSockets: 256,
      scheduling: 'lifo',
      maxTotalSockets: Infinity,
      totalSocketCount: 1,
      maxCachedSessions: 100,
      _sessionCache: [Object],
      [Symbol(shapeMode)]: false,
      [Symbol(kCapture)]: false
    },
    method: 'post',
    url: 'https://nfcom.svrs.rs.gov.br/WS/NFComRecepc
ao/NFComRecepcao.asmx',
    data: '<?xml version="1.0" 
encoding="UTF-8"?><NFCom xmlns="http://www.portalfisc
al.inf.br/nfcom"><infNFCom versao="1.00" Id="NFCom352
5110000000000000062001000000001109999999"><ide><cUF>3
5</cUF><tpAmb>2</tpAmb><mod>62</mod><serie>1</serie><
nNF>1</nNF><cNF>9999999</cNF><cDV>9</cDV><dhEmi>2025-
11-22T09:00:00-03:00</dhEmi><tpEmis>1</tpEmis><nSiteA
utoriz>0</nSiteAutoriz><cMunFG>3550308</cMunFG><finNF
Com>0</finNFCom><tpFat>0</tpFat><verProc>1.00</verPro
c></ide><emit><CNPJ>00000000000000</CNPJ><IE>11111111
1111</IE><CRT>3</CRT><xNome>EMPRESA DE COMUNICA├ç├âO 
S.A.</xNome><xFant>NETCOM</xFant><enderEmit><xLgr>AV.
 DAS EMPRESAS</xLgr><nro>1000</nro><xBairro>CENTRO</x
Bairro><cMun>3550308</cMun><xMun>SAO PAULO</xMun><CEP
>01000000</CEP><UF>SP</UF></enderEmit></emit><dest><x
Nome>CLIENTE PESSOA FISICA</xNome><CPF>11111111111</C
PF><indIEDest>9</indIEDest><enderDest><xLgr>RUA DA CA
SA</xLgr><nro>100</nro><xBairro>JARDIM</xBairro><cMun
>3550308</cMun><xMun>SAO PAULO</xMun><CEP>01000001</C
EP><UF>SP</UF></enderDest></dest><assinante><iCodAssi
nante>123456789</iCodAssinante><tpAssinante>3</tpAssi
nante><tpServUtil>4</tpServUtil><NroTermPrinc>1199999
8888</NroTermPrinc><cUFPrinc>35</cUFPrinc></assinante
><det nItem="1"><prod><cProd>SERVICO001</cProd><xProd
>Servi├ºo de Acesso ├á Internet - Plano B├ísico</xPro
d><cClass>0000001</cClass><CFOP>5301</CFOP><uMed>4</u
Med><qFaturada>1.0000</qFaturada><vItem>80.00</vItem>
<vProd>80.00</vProd></prod><imposto><ICMS00><CST>00</
CST><vBC>80.00</vBC><pICMS>18.00</pICMS><vICMS>14.40<
/vICMS></ICMS00><PIS><CST>01</CST><vBC>80.00</vBC><pP
IS>0.65</pPIS><vPIS>0.52</vPIS></PIS><COFINS><CST>01<
/CST><vBC>80.00</vBC><pCOFINS>3.00</pCOFINS><vCOFINS>
2.40</vCOFINS></COFINS></imposto></det><total><vProd>
80.00</vProd><ICMSTot><vBC>80.00</vBC><vICMS>14.40</v
ICMS><vICMSDeson>0.00</vICMSDeson><vFCP>0.00</vFCP></
ICMSTot><vCOFINS>2.40</vCOFINS><vPIS>0.52</vPIS><vFUN
TTEL>0.00</vFUNTTEL><vFUST>0.00</vFUST><vRetTribTot><
vRetPIS>0.00</vRetPIS><vRetCofins>0.00</vRetCofins><v
RetCSLL>0.00</vRetCSLL><vIRRF>0.00</vIRRF></vRetTribT
ot><vDesc>0.00</vDesc><vOutro>0.00</vOutro><vNF>80.00
</vNF></total><gFat><CompetFat>202511</CompetFat><dVe
ncFat>2025-12-05</dVencFat><codBarras>999999999999999
999999999999999999999999999999999</codBarras></gFat><
/infNFCom><infNFComSupl><qrCodNFCom>https://dfe-porta
l.svrs.rs.gov.br/NFCom/Consulta?chNFCom=3525110000000
0000000620010000000019999999999&amp;tpAmb=2</qrCodNFC
om></infNFComSupl><Signature xmlns="http://www.w3.org
/2000/09/xmldsig#"><SignedInfo><CanonicalizationMetho
d Algorithm="http://www.w3.org/TR/2001/REC-xml-c14n-2
0010315"/><SignatureMethod Algorithm="http://www.w3.o
rg/2000/09/xmldsig#rsa-sha1"/><Reference URI="#NFCom3
525110000000000000062001000000001109999999"><Transfor
ms><Transform Algorithm="http://www.w3.org/2000/09/xm
ldsig#enveloped-signature"/><Transform Algorithm="htt
p://www.w3.org/TR/2001/REC-xml-c14n-20010315"/></Tran
sforms><DigestMethod Algorithm="http://www.w3.org/200
0/09/xmldsig#sha1"/><DigestValue>znUc6qnmTD3GRZO0/kht
NbRpseQ=</DigestValue></Reference></SignedInfo><Signa
tureValue>zQ8zbo9+MBBnZLsJlH2gGw0C8XSOzYQOF/djILoivuP
ogVYYUMWNdffQA5ml2HTpUiofj0HYs0LS7/KS4ReB5MGXbBwZFgzN
OpvizFxS6nTzcCQagPUYMBcMmS2AyH+DfZqTe2NzquvJXBfiSc7/B
52LBGIv89OwaqvCC6BJdjy4dxLPYRlbmALItUOOdi8XcKcgMs6uAQ
1ajxP2BRCzfXK31KSD560Y6yz5I0qhfj/8DdBBnY4biuBBvN/IiVH
YLEdw1kLYVDLIclWHFXNDHjqkViK8S5HEs8apUjtaRgaiC/LmDd8Z
Cxbpfi1a91OeyHpAL59kjcEpYIGD8H978A==</SignatureValue>
<KeyInfo><X509Data><X509Certificate>MIIH7zCCBdegAwIBA
gIIKA72Y1cBcukwDQYJKoZIhvcNAQELBQAwdDELMAkGA1UEBhMCQl
IxEzARBgNVBAoTCklDUC1CcmFzaWwxNjA0BgNVBAsTLVNlY3JldGF
yaWEgZGEgUmVjZWl0YSBGZWRlcmFsIGRvIEJyYXNpbCAtIFJGQjEY
MBYGA1UEAxMPQUMgVkFMSUQgUkZCIHY1MB4XDTI1MDYyNzExNTczM
FoXDTI2MDYyNzExNTczMFowggENMQswCQYDVQQGEwJCUjELMAkGA1
UECBMCU1AxEDAOBgNVBAcTB0FSRUFMVkExEzARBgNVBAoTCklDUC1
CcmFzaWwxNjA0BgNVBAsTLVNlY3JldGFyaWEgZGEgUmVjZWl0YSBG
ZWRlcmFsIGRvIEJyYXNpbCAtIFJGQjEWMBQGA1UECxMNUkZCIGUtQ
05QSiBBMTERMA8GA1UECxMIQVIgQ0lFU1AxGTAXBgNVBAsTEFZpZG
VvY29uZmVyZW5jaWExFzAVBgNVBAsTDjYyMjI2MTcwMDAwMTQ2MTM
wMQYDVQQDEypXSVAgVEVMRUNPTSBNVUxUSU1JRElBIExUREE6MjA4
NDMyOTAwMDAxNDIwggEiMA0GCSqGSIb3DQEBAQUAA4IBDwAwggEKA
oIBAQDfVS43wEtXVBtTerDQrbbTGaZ5S4gs1W6zfcAES39bXCrQuh
kzz8WOQnrYcHN5g1Mp/msqqHyxf1IC6Ol+PsdpXTUy9polX+RRV0C
n9HqUpi8sdZcJMCF6+bCtRnFSHB3BR17dIUCe2YeaSsCTO/bSh8Y9
mAOfKCsNRFfHoYhiI+rDNP+EZm05LjMnbJ1Kts5Q7Nr8E+9lsUPjm
xMuQaUoG9phQt15GT77SLeXkLgc0iHSB6OyIfyNP0AQh0e13HcEsG
rwSlyuX58yZkyHvgyViqQ+FJjz4qfi5mOlN8IImLTVEnR9AoGJVge
k1I7wwjSh1+BFK3EqVmFXCS3/sOsHAgMBAAGjggLoMIIC5DCBnAYI
KwYBBQUHAQEEgY8wgYwwVQYIKwYBBQUHMAKGSWh0dHA6Ly9pY3AtY
nJhc2lsLnZhbGlkY2VydGlmaWNhZG9yYS5jb20uYnIvYWMtdmFsaW
RyZmIvYWMtdmFsaWRyZmJ2NS5wN2IwMwYIKwYBBQUHMAGGJ2h0dHA
6Ly9vY3NwdjUudmFsaWRjZXJ0aWZpY2Fkb3JhLmNvbS5icjAJBgNV
HRMEAjAAMB8GA1UdIwQYMBaAFFPLpeR1UJlALL5bFUXJvsswqonFM
HAGA1UdIARpMGcwZQYGYEwBAgElMFswWQYIKwYBBQUHAgEWTWh0dH
A6Ly9pY3AtYnJhc2lsLnZhbGlkY2VydGlmaWNhZG9yYS5jb20uYnI
vYWMtdmFsaWRyZmIvZHBjLWFjLXZhbGlkcmZidjUucGRmMIG2BgNV
HR8Ega4wgaswU6BRoE+GTWh0dHA6Ly9pY3AtYnJhc2lsLnZhbGlkY
2VydGlmaWNhZG9yYS5jb20uYnIvYWMtdmFsaWRyZmIvbGNyLWFjLX
ZhbGlkcmZidjUuY3JsMFSgUqBQhk5odHRwOi8vaWNwLWJyYXNpbDI
udmFsaWRjZXJ0aWZpY2Fkb3JhLmNvbS5ici9hYy12YWxpZHJmYi9s
Y3ItYWMtdmFsaWRyZmJ2NS5jcmwwDgYDVR0PAQH/BAQDAgXgMB0GA
1UdJQQWMBQGCCsGAQUFBwMCBggrBgEFBQcDBDCBvAYDVR0RBIG0MI
GxgRx3aXB0ZWxlY29tQHdpcHRlbGVjb20ubmV0LmJyoDgGBWBMAQM
EoC8ELTE0MTIxOTc3Mjc2NDQzMjU4NTkxMTQ1NzI1MDYwMjAwMDAw
MDAwMDAwMDAwMKAjBgVgTAEDAqAaBBhJWkFCRUwgQ1JJU1RJTkEgU
EVOVEVBRE+gGQYFYEwBAwOgEAQOMjA4NDMyOTAwMDAxNDKgFwYFYE
wBAwegDgQMMDAwMDAwMDAwMDAwMA0GCSqGSIb3DQEBCwUAA4ICAQC
TkZZbBM6xgX5jeZqH8UXoT2qVEds8I982ehGFA3Jk+UVSQ5IOQCUM
3CWGfF5W2hz4VaclJ17iuR84Q1TS0zAs+UzU9DWgfgWWt62pumRTi
MVKqaUA5XspIrHV84YhCMiDJltC6yDgmWQYR5xdyLNTaoNaiC+Rev
mukpYA+NfUkKLvQGgAuIijv6LizAjAJT6CLyVQG2T5PJrjkL9W0h3
XOnrz21tdA8iwFI8++Tch+2KGVjAyEkFODO4dixzJmDoHgqCFUrC8
n1WySIcrKRo2gOjQvOg64DTMbNe4OTJbr+1U7mAUMbcwQPGTNzjRS
Zu4A0muhnTwFo5gwMnOpfm+QwiqiPzAfhXQa1nBE7aUDMpyS/BCwJ
N/tvZHK/cNniBxi5z5KZpiSImjQhDYYvyl/OQ8sWUCHMB/LPG0HR6
tUuSREc7FUYsbZQjTjXdYRPKJBZCMD8F3m4iQMkqd2+3rPlghvMk7
St/oQHNWJS/KBLqhFK8uyJfz6n6MLmlFHkrjKKktctGjxRsFxHL3N
TN5YLZwTKfvTnmmUovcXDv0WQ2GtAamFwhVK07IO20dR0wnwH87vi
J2upDKI4G6jlTDMmyOn9470BfMU/tisQnJihB0fd1ep+caUNtVgc1
lDnHLuEp4gKeciA2G2jOaEp6yXwtK4SbwUIFuBCvMn4kiJw==</X5
09Certificate></X509Data></KeyInfo></Signature></NFCo
m>',
    allowAbsoluteUrls: true
  },
  request: <ref *1> ClientRequest {
    _events: [Object: null prototype] {
      abort: [Function (anonymous)],
      aborted: [Function (anonymous)],
      connect: [Function (anonymous)],
      error: [Function (anonymous)],
      socket: [Function (anonymous)],
      timeout: [Function (anonymous)],
      finish: [Function: requestOnFinish]
    },
    _eventsCount: 7,
    _maxListeners: undefined,
    outputData: [],
    outputSize: 0,
    writable: true,
    destroyed: false,
    _last: true,
    chunkedEncoding: false,
    shouldKeepAlive: false,
    maxRequestsOnConnectionReached: false,
    _defaultKeepAlive: true,
    useChunkedEncodingByDefault: true,
    sendDate: false,
    _removedConnection: false,
    _removedContLen: false,
    _removedTE: false,
    strictContentLength: false,
    _contentLength: 6223,
    _hasBody: true,
    _trailer: '',
    finished: true,
    _headerSent: true,
    _closed: false,
    _header: 'POST 
/WS/NFComRecepcao/NFComRecepcao.asmx HTTP/1.1\r\n' +
      'Accept: application/json, text/plain, 
*/*\r\n' +
      'Content-Type: application/soap+xml; 
charset=utf-8\r\n' +
      'User-Agent: axios/1.13.2\r\n' +
      'Content-Length: 6223\r\n' +
      'Accept-Encoding: gzip, compress, deflate, 
br\r\n' +
      'Host: nfcom.svrs.rs.gov.br\r\n' +
      'Connection: close\r\n' +
      '\r\n',
    _keepAliveTimeout: 0,
    _onPendingData: [Function: nop],
    agent: Agent {
      _events: [Object: null prototype],
      _eventsCount: 2,
      _maxListeners: undefined,
      defaultPort: 443,
      protocol: 'https:',
      options: [Object: null prototype],
      requests: [Object: null prototype] {},
      sockets: [Object: null prototype],
      freeSockets: [Object: null prototype] {},
      keepAliveMsecs: 1000,
      keepAlive: false,
      maxSockets: Infinity,
      maxFreeSockets: 256,
      scheduling: 'lifo',
      maxTotalSockets: Infinity,
      totalSocketCount: 1,
      maxCachedSessions: 100,
      _sessionCache: [Object],
      [Symbol(shapeMode)]: false,
      [Symbol(kCapture)]: false
    },
    socketPath: undefined,
    method: 'POST',
    maxHeaderSize: undefined,
    insecureHTTPParser: undefined,
    joinDuplicateHeaders: undefined,
    path: '/WS/NFComRecepcao/NFComRecepcao.asmx',
    _ended: true,
    res: IncomingMessage {
      _events: [Object],
      _readableState: [ReadableState],
      _maxListeners: undefined,
      socket: [TLSSocket],
      httpVersionMajor: 1,
      httpVersionMinor: 1,
      httpVersion: '1.1',
      complete: true,
      rawHeaders: [Array],
      rawTrailers: [],
      joinDuplicateHeaders: undefined,
      aborted: false,
      upgrade: false,
      url: '',
      method: null,
      statusCode: 500,
      statusMessage: 'Internal Server Error',
      client: [TLSSocket],
      _consuming: false,
      _dumped: false,
      req: [Circular *1],
      _eventsCount: 4,
      responseUrl: 'https://nfcom.svrs.rs.gov.br/WS/N
FComRecepcao/NFComRecepcao.asmx',
      redirects: [],
      [Symbol(shapeMode)]: true,
      [Symbol(kCapture)]: false,
      [Symbol(kHeaders)]: [Object],
      [Symbol(kHeadersCount)]: 16,
      [Symbol(kTrailers)]: null,
      [Symbol(kTrailersCount)]: 0
    },
    aborted: false,
    timeoutCb: null,
    upgradeOrConnect: false,
    parser: null,
    maxHeadersCount: null,
    reusedSocket: false,
    host: 'nfcom.svrs.rs.gov.br',
    protocol: 'https:',
    _redirectable: Writable {
      _events: [Object],
      _writableState: [WritableState],
      _maxListeners: undefined,
      _options: [Object],
      _ended: true,
      _ending: true,
      _redirectCount: 0,
      _redirects: [],
      _requestBodyLength: 6223,
      _requestBodyBuffers: [],
      _eventsCount: 3,
      _onNativeResponse: [Function (anonymous)],
      _currentRequest: [Circular *1],
      _currentUrl: 'https://nfcom.svrs.rs.gov.br/WS/N
FComRecepcao/NFComRecepcao.asmx',
      _timeout: null,
      [Symbol(shapeMode)]: true,
      [Symbol(kCapture)]: false
    },
    [Symbol(shapeMode)]: false,
    [Symbol(kCapture)]: false,
    [Symbol(kBytesWritten)]: 0,
    [Symbol(kNeedDrain)]: false,
    [Symbol(corked)]: 0,
    [Symbol(kChunkedBuffer)]: [],
    [Symbol(kChunkedLength)]: 0,
    [Symbol(kSocket)]: TLSSocket {
      _tlsOptions: [Object],
      _secureEstablished: true,
      _securePending: false,
      _newSessionPending: false,
      _controlReleased: true,
      secureConnecting: false,
      _SNICallback: null,
      servername: 'nfcom.svrs.rs.gov.br',
      alpnProtocol: false,
      authorized: false,
      authorizationError: 
'UNABLE_TO_GET_ISSUER_CERT_LOCALLY',
      encrypted: true,
      _events: [Object: null prototype],
      _eventsCount: 10,
      connecting: false,
      _hadError: false,
      _parent: null,
      _host: 'nfcom.svrs.rs.gov.br',
      _closeAfterHandlingError: false,
      _readableState: [ReadableState],
      _writableState: [WritableState],
      allowHalfOpen: false,
      _maxListeners: undefined,
      _sockname: null,
      _pendingData: null,
      _pendingEncoding: '',
      server: undefined,
      _server: null,
      ssl: [TLSWrap],
      _requestCert: true,
      _rejectUnauthorized: false,
      parser: null,
      _httpMessage: [Circular *1],
      timeout: 0,
      [Symbol(alpncallback)]: null,
      [Symbol(res)]: [TLSWrap],
      [Symbol(verified)]: true,
      [Symbol(pendingSession)]: null,
      [Symbol(async_id_symbol)]: 6,
      [Symbol(kHandle)]: [TLSWrap],
      [Symbol(lastWriteQueueSize)]: 0,
      [Symbol(timeout)]: null,
      [Symbol(kBuffer)]: null,
      [Symbol(kBufferCb)]: null,
      [Symbol(kBufferGen)]: null,
      [Symbol(shapeMode)]: true,
      [Symbol(kCapture)]: false,
      [Symbol(kSetNoDelay)]: false,
      [Symbol(kSetKeepAlive)]: true,
      [Symbol(kSetKeepAliveInitialDelay)]: 60,
      [Symbol(kBytesRead)]: 0,
      [Symbol(kBytesWritten)]: 0,
      [Symbol(connect-options)]: [Object]
    },
    [Symbol(kOutHeaders)]: [Object: null prototype] {
      accept: [Array],
      'content-type': [Array],
      'user-agent': [Array],
      'content-length': [Array],
      'accept-encoding': [Array],
      host: [Array]
    },
    [Symbol(errored)]: null,
    [Symbol(kHighWaterMark)]: 16384,
    [Symbol(kRejectNonStandardBodyWrites)]: false,
    [Symbol(kUniqueHeaders)]: null
  },
  response: {
    status: 500,
    statusText: 'Internal Server Error',
    headers: Object [AxiosHeaders] {
      'cache-control': 'private',
      'content-type': 'application/soap+xml; 
charset=utf-8',
      server: 'Microsoft-IIS/10.0',
      'x-aspnet-version': '4.0.30319',
      'x-powered-by': 'ASP.NET',
      date: 'Mon, 24 Nov 2025 19:40:39 GMT',
      connection: 'close',
      'content-length': '792'
    },
    config: {
      transitional: [Object],
      adapter: [Array],
      transformRequest: [Array],
      transformResponse: [Array],
      timeout: 0,
      xsrfCookieName: 'XSRF-TOKEN',
      xsrfHeaderName: 'X-XSRF-TOKEN',
      maxContentLength: -1,
      maxBodyLength: -1,
      env: [Object],
      validateStatus: [Function: validateStatus],
      headers: [Object [AxiosHeaders]],
      httpsAgent: [Agent],
      method: 'post',
      url: 'https://nfcom.svrs.rs.gov.br/WS/NFComRece
pcao/NFComRecepcao.asmx',
      data: '<?xml version="1.0" 
encoding="UTF-8"?><NFCom xmlns="http://www.portalfisc
al.inf.br/nfcom"><infNFCom versao="1.00" Id="NFCom352
5110000000000000062001000000001109999999"><ide><cUF>3
5</cUF><tpAmb>2</tpAmb><mod>62</mod><serie>1</serie><
nNF>1</nNF><cNF>9999999</cNF><cDV>9</cDV><dhEmi>2025-
11-22T09:00:00-03:00</dhEmi><tpEmis>1</tpEmis><nSiteA
utoriz>0</nSiteAutoriz><cMunFG>3550308</cMunFG><finNF
Com>0</finNFCom><tpFat>0</tpFat><verProc>1.00</verPro
c></ide><emit><CNPJ>00000000000000</CNPJ><IE>11111111
1111</IE><CRT>3</CRT><xNome>EMPRESA DE COMUNICA├ç├âO 
S.A.</xNome><xFant>NETCOM</xFant><enderEmit><xLgr>AV.
 DAS EMPRESAS</xLgr><nro>1000</nro><xBairro>CENTRO</x
Bairro><cMun>3550308</cMun><xMun>SAO PAULO</xMun><CEP
>01000000</CEP><UF>SP</UF></enderEmit></emit><dest><x
Nome>CLIENTE PESSOA FISICA</xNome><CPF>11111111111</C
PF><indIEDest>9</indIEDest><enderDest><xLgr>RUA DA CA
SA</xLgr><nro>100</nro><xBairro>JARDIM</xBairro><cMun
>3550308</cMun><xMun>SAO PAULO</xMun><CEP>01000001</C
EP><UF>SP</UF></enderDest></dest><assinante><iCodAssi
nante>123456789</iCodAssinante><tpAssinante>3</tpAssi
nante><tpServUtil>4</tpServUtil><NroTermPrinc>1199999
8888</NroTermPrinc><cUFPrinc>35</cUFPrinc></assinante
><det nItem="1"><prod><cProd>SERVICO001</cProd><xProd
>Servi├ºo de Acesso ├á Internet - Plano B├ísico</xPro
d><cClass>0000001</cClass><CFOP>5301</CFOP><uMed>4</u
Med><qFaturada>1.0000</qFaturada><vItem>80.00</vItem>
<vProd>80.00</vProd></prod><imposto><ICMS00><CST>00</
CST><vBC>80.00</vBC><pICMS>18.00</pICMS><vICMS>14.40<
/vICMS></ICMS00><PIS><CST>01</CST><vBC>80.00</vBC><pP
IS>0.65</pPIS><vPIS>0.52</vPIS></PIS><COFINS><CST>01<
/CST><vBC>80.00</vBC><pCOFINS>3.00</pCOFINS><vCOFINS>
2.40</vCOFINS></COFINS></imposto></det><total><vProd>
80.00</vProd><ICMSTot><vBC>80.00</vBC><vICMS>14.40</v
ICMS><vICMSDeson>0.00</vICMSDeson><vFCP>0.00</vFCP></
ICMSTot><vCOFINS>2.40</vCOFINS><vPIS>0.52</vPIS><vFUN
TTEL>0.00</vFUNTTEL><vFUST>0.00</vFUST><vRetTribTot><
vRetPIS>0.00</vRetPIS><vRetCofins>0.00</vRetCofins><v
RetCSLL>0.00</vRetCSLL><vIRRF>0.00</vIRRF></vRetTribT
ot><vDesc>0.00</vDesc><vOutro>0.00</vOutro><vNF>80.00
</vNF></total><gFat><CompetFat>202511</CompetFat><dVe
ncFat>2025-12-05</dVencFat><codBarras>999999999999999
999999999999999999999999999999999</codBarras></gFat><
/infNFCom><infNFComSupl><qrCodNFCom>https://dfe-porta
l.svrs.rs.gov.br/NFCom/Consulta?chNFCom=3525110000000
0000000620010000000019999999999&amp;tpAmb=2</qrCodNFC
om></infNFComSupl><Signature xmlns="http://www.w3.org
/2000/09/xmldsig#"><SignedInfo><CanonicalizationMetho
d Algorithm="http://www.w3.org/TR/2001/REC-xml-c14n-2
0010315"/><SignatureMethod Algorithm="http://www.w3.o
rg/2000/09/xmldsig#rsa-sha1"/><Reference URI="#NFCom3
525110000000000000062001000000001109999999"><Transfor
ms><Transform Algorithm="http://www.w3.org/2000/09/xm
ldsig#enveloped-signature"/><Transform Algorithm="htt
p://www.w3.org/TR/2001/REC-xml-c14n-20010315"/></Tran
sforms><DigestMethod Algorithm="http://www.w3.org/200
0/09/xmldsig#sha1"/><DigestValue>znUc6qnmTD3GRZO0/kht
NbRpseQ=</DigestValue></Reference></SignedInfo><Signa
tureValue>zQ8zbo9+MBBnZLsJlH2gGw0C8XSOzYQOF/djILoivuP
ogVYYUMWNdffQA5ml2HTpUiofj0HYs0LS7/KS4ReB5MGXbBwZFgzN
OpvizFxS6nTzcCQagPUYMBcMmS2AyH+DfZqTe2NzquvJXBfiSc7/B
52LBGIv89OwaqvCC6BJdjy4dxLPYRlbmALItUOOdi8XcKcgMs6uAQ
1ajxP2BRCzfXK31KSD560Y6yz5I0qhfj/8DdBBnY4biuBBvN/IiVH
YLEdw1kLYVDLIclWHFXNDHjqkViK8S5HEs8apUjtaRgaiC/LmDd8Z
Cxbpfi1a91OeyHpAL59kjcEpYIGD8H978A==</SignatureValue>
<KeyInfo><X509Data><X509Certificate>MIIH7zCCBdegAwIBA
gIIKA72Y1cBcukwDQYJKoZIhvcNAQELBQAwdDELMAkGA1UEBhMCQl
IxEzARBgNVBAoTCklDUC1CcmFzaWwxNjA0BgNVBAsTLVNlY3JldGF
yaWEgZGEgUmVjZWl0YSBGZWRlcmFsIGRvIEJyYXNpbCAtIFJGQjEY
MBYGA1UEAxMPQUMgVkFMSUQgUkZCIHY1MB4XDTI1MDYyNzExNTczM
FoXDTI2MDYyNzExNTczMFowggENMQswCQYDVQQGEwJCUjELMAkGA1
UECBMCU1AxEDAOBgNVBAcTB0FSRUFMVkExEzARBgNVBAoTCklDUC1
CcmFzaWwxNjA0BgNVBAsTLVNlY3JldGFyaWEgZGEgUmVjZWl0YSBG
ZWRlcmFsIGRvIEJyYXNpbCAtIFJGQjEWMBQGA1UECxMNUkZCIGUtQ
05QSiBBMTERMA8GA1UECxMIQVIgQ0lFU1AxGTAXBgNVBAsTEFZpZG
VvY29uZmVyZW5jaWExFzAVBgNVBAsTDjYyMjI2MTcwMDAwMTQ2MTM
wMQYDVQQDEypXSVAgVEVMRUNPTSBNVUxUSU1JRElBIExUREE6MjA4
NDMyOTAwMDAxNDIwggEiMA0GCSqGSIb3DQEBAQUAA4IBDwAwggEKA
oIBAQDfVS43wEtXVBtTerDQrbbTGaZ5S4gs1W6zfcAES39bXCrQuh
kzz8WOQnrYcHN5g1Mp/msqqHyxf1IC6Ol+PsdpXTUy9polX+RRV0C
n9HqUpi8sdZcJMCF6+bCtRnFSHB3BR17dIUCe2YeaSsCTO/bSh8Y9
mAOfKCsNRFfHoYhiI+rDNP+EZm05LjMnbJ1Kts5Q7Nr8E+9lsUPjm
xMuQaUoG9phQt15GT77SLeXkLgc0iHSB6OyIfyNP0AQh0e13HcEsG
rwSlyuX58yZkyHvgyViqQ+FJjz4qfi5mOlN8IImLTVEnR9AoGJVge
k1I7wwjSh1+BFK3EqVmFXCS3/sOsHAgMBAAGjggLoMIIC5DCBnAYI
KwYBBQUHAQEEgY8wgYwwVQYIKwYBBQUHMAKGSWh0dHA6Ly9pY3AtY
nJhc2lsLnZhbGlkY2VydGlmaWNhZG9yYS5jb20uYnIvYWMtdmFsaW
RyZmIvYWMtdmFsaWRyZmJ2NS5wN2IwMwYIKwYBBQUHMAGGJ2h0dHA
6Ly9vY3NwdjUudmFsaWRjZXJ0aWZpY2Fkb3JhLmNvbS5icjAJBgNV
HRMEAjAAMB8GA1UdIwQYMBaAFFPLpeR1UJlALL5bFUXJvsswqonFM
HAGA1UdIARpMGcwZQYGYEwBAgElMFswWQYIKwYBBQUHAgEWTWh0dH
A6Ly9pY3AtYnJhc2lsLnZhbGlkY2VydGlmaWNhZG9yYS5jb20uYnI
vYWMtdmFsaWRyZmIvZHBjLWFjLXZhbGlkcmZidjUucGRmMIG2BgNV
HR8Ega4wgaswU6BRoE+GTWh0dHA6Ly9pY3AtYnJhc2lsLnZhbGlkY
2VydGlmaWNhZG9yYS5jb20uYnIvYWMtdmFsaWRyZmIvbGNyLWFjLX
ZhbGlkcmZidjUuY3JsMFSgUqBQhk5odHRwOi8vaWNwLWJyYXNpbDI
udmFsaWRjZXJ0aWZpY2Fkb3JhLmNvbS5ici9hYy12YWxpZHJmYi9s
Y3ItYWMtdmFsaWRyZmJ2NS5jcmwwDgYDVR0PAQH/BAQDAgXgMB0GA
1UdJQQWMBQGCCsGAQUFBwMCBggrBgEFBQcDBDCBvAYDVR0RBIG0MI
GxgRx3aXB0ZWxlY29tQHdpcHRlbGVjb20ubmV0LmJyoDgGBWBMAQM
EoC8ELTE0MTIxOTc3Mjc2NDQzMjU4NTkxMTQ1NzI1MDYwMjAwMDAw
MDAwMDAwMDAwMKAjBgVgTAEDAqAaBBhJWkFCRUwgQ1JJU1RJTkEgU
EVOVEVBRE+gGQYFYEwBAwOgEAQOMjA4NDMyOTAwMDAxNDKgFwYFYE
wBAwegDgQMMDAwMDAwMDAwMDAwMA0GCSqGSIb3DQEBCwUAA4ICAQC
TkZZbBM6xgX5jeZqH8UXoT2qVEds8I982ehGFA3Jk+UVSQ5IOQCUM
3CWGfF5W2hz4VaclJ17iuR84Q1TS0zAs+UzU9DWgfgWWt62pumRTi
MVKqaUA5XspIrHV84YhCMiDJltC6yDgmWQYR5xdyLNTaoNaiC+Rev
mukpYA+NfUkKLvQGgAuIijv6LizAjAJT6CLyVQG2T5PJrjkL9W0h3
XOnrz21tdA8iwFI8++Tch+2KGVjAyEkFODO4dixzJmDoHgqCFUrC8
n1WySIcrKRo2gOjQvOg64DTMbNe4OTJbr+1U7mAUMbcwQPGTNzjRS
Zu4A0muhnTwFo5gwMnOpfm+QwiqiPzAfhXQa1nBE7aUDMpyS/BCwJ
N/tvZHK/cNniBxi5z5KZpiSImjQhDYYvyl/OQ8sWUCHMB/LPG0HR6
tUuSREc7FUYsbZQjTjXdYRPKJBZCMD8F3m4iQMkqd2+3rPlghvMk7
St/oQHNWJS/KBLqhFK8uyJfz6n6MLmlFHkrjKKktctGjxRsFxHL3N
TN5YLZwTKfvTnmmUovcXDv0WQ2GtAamFwhVK07IO20dR0wnwH87vi
J2upDKI4G6jlTDMmyOn9470BfMU/tisQnJihB0fd1ep+caUNtVgc1
lDnHLuEp4gKeciA2G2jOaEp6yXwtK4SbwUIFuBCvMn4kiJw==</X5
09Certificate></X509Data></KeyInfo></Signature></NFCo
m>',
      allowAbsoluteUrls: true
    },
    request: <ref *1> ClientRequest {
      _events: [Object: null prototype],
      _eventsCount: 7,
      _maxListeners: undefined,
      outputData: [],
      outputSize: 0,
      writable: true,
      destroyed: false,
      _last: true,
      chunkedEncoding: false,
      shouldKeepAlive: false,
      maxRequestsOnConnectionReached: false,
      _defaultKeepAlive: true,
      useChunkedEncodingByDefault: true,
      sendDate: false,
      _removedConnection: false,
      _removedContLen: false,
      _removedTE: false,
      strictContentLength: false,
      _contentLength: 6223,
      _hasBody: true,
      _trailer: '',
      finished: true,
      _headerSent: true,
      _closed: false,
      _header: 'POST 
/WS/NFComRecepcao/NFComRecepcao.asmx HTTP/1.1\r\n' +
        'Accept: application/json, text/plain, 
*/*\r\n' +
        'Content-Type: application/soap+xml; 
charset=utf-8\r\n' +
        'User-Agent: axios/1.13.2\r\n' +
        'Content-Length: 6223\r\n' +
        'Accept-Encoding: gzip, compress, deflate, 
br\r\n' +
        'Host: nfcom.svrs.rs.gov.br\r\n' +
        'Connection: close\r\n' +
        '\r\n',
      _keepAliveTimeout: 0,
      _onPendingData: [Function: nop],
      agent: [Agent],
      socketPath: undefined,
      method: 'POST',
      maxHeaderSize: undefined,
      insecureHTTPParser: undefined,
      joinDuplicateHeaders: undefined,
      path: '/WS/NFComRecepcao/NFComRecepcao.asmx',
      _ended: true,
      res: [IncomingMessage],
      aborted: false,
      timeoutCb: null,
      upgradeOrConnect: false,
      parser: null,
      maxHeadersCount: null,
      reusedSocket: false,
      host: 'nfcom.svrs.rs.gov.br',
      protocol: 'https:',
      _redirectable: [Writable],
      [Symbol(shapeMode)]: false,
      [Symbol(kCapture)]: false,
      [Symbol(kBytesWritten)]: 0,
      [Symbol(kNeedDrain)]: false,
      [Symbol(corked)]: 0,
      [Symbol(kChunkedBuffer)]: [],
      [Symbol(kChunkedLength)]: 0,
      [Symbol(kSocket)]: [TLSSocket],
      [Symbol(kOutHeaders)]: [Object: null 
prototype],
      [Symbol(errored)]: null,
      [Symbol(kHighWaterMark)]: 16384,
      [Symbol(kRejectNonStandardBodyWrites)]: false,
      [Symbol(kUniqueHeaders)]: null
    },
    data: '<?xml version="1.0" 
encoding="utf-8"?><soap:Envelope 
xmlns:soap="http://www.w3.org/2003/05/soap-envelope" 
xmlns:xsi="http://www.w3.org/2001/XMLSchema-instance"
 xmlns:xsd="http://www.w3.org/2001/XMLSchema"><soap:H
eader><soap12:Upgrade xmlns:soap12="http://www.w3.org
/2003/05/soap-envelope"><soap12:SupportedEnvelope 
qname="soap12:Envelope" xmlns:soap12="http://www.w3.o
rg/2003/05/soap-envelope" /></soap12:Upgrade></soap:H
eader><soap:Body><soap:Fault><soap:Code><soap:Value>s
oap:VersionMismatch</soap:Value></soap:Code><soap:Rea
son><soap:Text xml:lang="en">Possible SOAP version 
mismatch: Envelope namespace 
http://www.portalfiscal.inf.br/nfcom was unexpected. 
Expecting http://www.w3.org/2003/05/soap-envelope.</s
oap:Text></soap:Reason><soap:Detail 
/></soap:Fault></soap:Body></soap:Envelope>'
  },
  status: 500
}
Erro no envio: <?xml version="1.0" 
encoding="utf-8"?><soap:Envelope 
xmlns:soap="http://www.w3.org/2003/05/soap-envelope" 
xmlns:xsi="http://www.w3.org/2001/XMLSchema-instance"
 xmlns:xsd="http://www.w3.org/2001/XMLSchema"><soap:H
eader><soap12:Upgrade xmlns:soap12="http://www.w3.org
/2003/05/soap-envelope"><soap12:SupportedEnvelope 
qname="soap12:Envelope" xmlns:soap12="http://www.w3.o
rg/2003/05/soap-envelope" /></soap12:Upgrade></soap:H
eader><soap:Body><soap:Fault><soap:Code><soap:Value>s
oap:VersionMismatch</soap:Value></soap:Code><soap:Rea
son><soap:Text xml:lang="en">Possible SOAP version 
mismatch: Envelope namespace 
http://www.portalfiscal.inf.br/nfcom was unexpected. 
Expecting http://www.w3.org/2003/05/soap-envelope.</s
oap:Text></soap:Reason><soap:Detail 
/></soap:Fault></soap:Body></soap:Envelope>
